Microchip MPLAB XC8 Compiler V2.32

Linker command line:

-W-3 --edf=C:\Program Files\Microchip\xc8\v2.32\pic\dat\en_msgs.txt -cn \
  -h+dist/default/production\Practica2.1.X.production.sym \
  --cmf=dist/default/production\Practica2.1.X.production.cmf -z -Q18F4550 \
  -oC:\Users\ALANCR~1\AppData\Local\Temp\xcAsndk.4 --defsym=__MPLAB_BUILD=1 \
  -Mdist/default/production/Practica2.1.X.production.map -E1 \
  -ver=XC8 Compiler --acfsm=1493 -ASTACK=0150h-07FFh -pstack=STACK \
  -ACODE=00h-07FFFh -ACONST=00h-07FFFh -ASMALLCONST=0800h-08FFhx120 \
  -AMEDIUMCONST=0800h-07FFFh -ACOMRAM=01h-05Fh -AABS1=00h-07FFh \
  -ABIGRAM=01h-07FFh -ARAM=060h-0FFh,0100h-01FFhx7 -ABANK0=060h-0FFh \
  -ABANK1=0100h-01FFh -ABANK2=0200h-02FFh -ABANK3=0300h-03FFh \
  -ABANK4=0400h-04FFh -ABANK5=0500h-05FFh -ABANK6=0600h-06FFh \
  -ABANK7=0700h-07FFh -ASFR=0F60h-0FFFh -ACONFIG=0300000h-030000Dh \
  -AIDLOC=0200000h-0200007h -AEEDATA=0F00000h-0F000FFh -peeprom_data=EEDATA \
  -preset_vec=00h,intcode=08h,intcodelo,powerup,init -pramtop=0800h \
  -psmallconst=SMALLCONST -pmediumconst=MEDIUMCONST -pconst=CONST \
  -AFARRAM=00h-00h \
  -prdata=COMRAM,nvrram=COMRAM,nvbit=COMRAM,rbss=COMRAM,rbit=COMRAM \
  -pfarbss=FARRAM,fardata=FARRAM,nvFARRAM=FARRAM \
  -pintsave_regs=BIGRAM,bigbss=BIGRAM,bigdata=BIGRAM -pbss=RAM \
  -pidata=CODE,irdata=CODE,ibigdata=CODE,ifardata=CODE -prparam=COMRAM \
  C:\Users\ALANCR~1\AppData\Local\Temp\xcAsndk.o \
  dist/default/production\Practica2.1.X.production.o 

Object code version is 3.11

Machine type is 18F4550



                Name                               Link     Load   Length Selector   Space Scale
C:\Users\ALANCR~1\AppData\Local\Temp\xcAsndk.o
                idloc                            200000   200000        8        0       5
                config                           300000   300000        E        0       4
                init                                  E        E        4        4       0
                reset_vec                             0        0        4        0       0
dist/default/production\Practica2.1.X.production.o
                intcode                               8        8        6        4       0
                idloc                            200000   200000        8        0       5
                config                           300000   300000        E        0       4
                temp                                 4E       4E        1        1       1
                smallconst                          800      800       2A      400       0
                text37                             1944     1944      4C0      415       0
                intcode_body                       3A1A     3A1A       52      415       0
                text35                             38CC     38CC       58      415       0
                text34                             3748     3748       66      415       0
                text33                             3A6C     3A6C       50      415       0
                text32                             3534     3534       BA      415       0
                text31                             3C24     3C24       30      415       0
                text30                             3C7A     3C7A       20      415       0
                text29                             3C54     3C54       26      415       0
                text28                             3BB6     3BB6       38      415       0
                text27                             39C8     39C8       52      415       0
                text26                             2C46     2C46      190      415       0
                text25                             33AE     33AE       C4      415       0
                text24                             35EE     35EE       B0      415       0
                text23                             269A     269A      39A      415       0
                text22                             369E     369E       AA      415       0
                text21                             300C     300C      104      415       0
                text20                             2270     2270      42A      415       0
                text19                             3B7E     3B7E       38      415       0
                text18                             1484     1484      4C0      415       0
                text17                             3ABC     3ABC       46      415       0
                text16                             2F06     2F06      106      415       0
                text15                             3110     3110       FE      415       0
                text14                             2A34     2A34      212      415       0
                text13                             3C9E     3C9E        2      415       0
                text12                             32E4     32E4       CA      415       0
                text11                             3B02     3B02       44      415       0
                text10                             3BEE     3BEE       36      415       0
                text9                              3472     3472       C2      415       0
                text8                              3870     3870       5C      415       0
                text7                              3B46     3B46       38      415       0
                text6                              3810     3810       60      415       0
                text5                               82A      82A      C5A      415       0
                text4                              320E     320E       D6      415       0
                text3                              1E04     1E04      46C      415       0
                text2                              37AE     37AE       62      415       0
                text1                              3976     3976       52      415       0
                text0                              2DD6     2DD6      130      415       0
                cstackCOMRAM                          1        1       3D        1       1
                cstackBANK0                          60       60       79       60       1
                bssBANK1                            100      100       50      100       1
                bssBANK0                             D9       D9        9       60       1
                dataCOMRAM                           4A       4A        4        1       1
                bssCOMRAM                            3E       3E        C        1       1
                cinit                              3924     3924       52      415       0
                idataCOMRAM                        3C9A     3C9A        4      415       0

TOTAL           Name                               Link     Load   Length     Space
        CLASS   STACK          

        CLASS   CODE           
                intcode                               8        8        6         0
                init                                  E        E        4         0
                reset_vec                             0        0        4         0
                text37                             1944     1944      4C0         0
                intcode_body                       3A1A     3A1A       52         0
                text35                             38CC     38CC       58         0
                text34                             3748     3748       66         0
                text33                             3A6C     3A6C       50         0
                text32                             3534     3534       BA         0
                text31                             3C24     3C24       30         0
                text30                             3C7A     3C7A       20         0
                text29                             3C54     3C54       26         0
                text28                             3BB6     3BB6       38         0
                text27                             39C8     39C8       52         0
                text26                             2C46     2C46      190         0
                text25                             33AE     33AE       C4         0
                text24                             35EE     35EE       B0         0
                text23                             269A     269A      39A         0
                text22                             369E     369E       AA         0
                text21                             300C     300C      104         0
                text20                             2270     2270      42A         0
                text19                             3B7E     3B7E       38         0
                text18                             1484     1484      4C0         0
                text17                             3ABC     3ABC       46         0
                text16                             2F06     2F06      106         0
                text15                             3110     3110       FE         0
                text14                             2A34     2A34      212         0
                text13                             3C9E     3C9E        2         0
                text12                             32E4     32E4       CA         0
                text11                             3B02     3B02       44         0
                text10                             3BEE     3BEE       36         0
                text9                              3472     3472       C2         0
                text8                              3870     3870       5C         0
                text7                              3B46     3B46       38         0
                text6                              3810     3810       60         0
                text5                               82A      82A      C5A         0
                text4                              320E     320E       D6         0
                text3                              1E04     1E04      46C         0
                text2                              37AE     37AE       62         0
                text1                              3976     3976       52         0
                text0                              2DD6     2DD6      130         0
                cinit                              3924     3924       52         0
                idataCOMRAM                        3C9A     3C9A        4         0

        CLASS   CONST          

        CLASS   SMALLCONST     
                smallconst                          800      800       2A         0

        CLASS   MEDIUMCONST    

        CLASS   COMRAM         
                temp                                 4E       4E        1         1
                cstackCOMRAM                          1        1       3D         1
                dataCOMRAM                           4A       4A        4         1
                bssCOMRAM                            3E       3E        C         1

        CLASS   ABS1           

        CLASS   BIGRAM         

        CLASS   RAM            

        CLASS   BANK0          
                cstackBANK0                          60       60       79         1
                bssBANK0                             D9       D9        9         1

        CLASS   BANK1          
                bssBANK1                            100      100       50         1

        CLASS   BANK2          

        CLASS   BANK3          

        CLASS   BANK4          

        CLASS   BANK5          

        CLASS   BANK6          

        CLASS   BANK7          

        CLASS   SFR            

        CLASS   CONFIG         
                config                           300000   300000        E         4

        CLASS   IDLOC          
                idloc                            200000   200000        8         5

        CLASS   EEDATA         

        CLASS   FARRAM         



SEGMENTS        Name                           Load    Length   Top    Selector   Space  Class

                reset_vec                      000000  000004  000004         0       0  CODE    
                cstackCOMRAM                   000001  00004E  00004F         1       1  COMRAM  
                intcode                        000008  00000A  000012         4       0  CODE    
                cstackBANK0                    000060  000082  0000E2        60       1  BANK0   
                bssBANK1                       000100  000050  000150       100       1  BANK1   
                smallconst                     000800  00002A  00082A       400       0  SMALLCON
                text5                          00082A  003476  003CA0       415       0  CODE    


UNUSED ADDRESS RANGES

        Name                Unused          Largest block    Delta
        BANK0            0000E2-0000FF               1E
        BANK1            000150-0001FF               B0
        BANK2            000200-0002FF              100
        BANK3            000300-0003FF              100
        BANK4            000400-0004FF              100
        BANK5            000500-0005FF              100
        BANK6            000600-0006FF              100
        BANK7            000700-0007FF              100
        BIGRAM           00004F-00005F               11
                         0000E2-0000FF               1E
                         000150-0007FF              6B0
        CODE             000004-000007                4
                         000012-0007FF              7EE
                         003CA0-007FFF             4360
        COMRAM           00004F-00005F               11
        CONST            000004-000007                4
                         000012-0007FF              7EE
                         003CA0-007FFF             4360
        EEDATA           F00000-F000FF              100
        MEDIUMCONST      003CA0-007FFF             4360
        RAM              0000E2-0000FF               1E
                         000150-0007FF              100
        SFR              000F60-000FFF               A0
        SMALLCONST       003CA0-007FFF              100
        STACK            000150-0007FF              6B0

                                  Symbol Table

?___awdiv                cstackCOMRAM 000011
?___awmod                cstackCOMRAM 000011
?___fladd                cstackCOMRAM 000011
?___fldiv                cstackCOMRAM 000011
?___flmul                cstackCOMRAM 000011
?___flneg                cstackCOMRAM 000011
?___flsub                cstackCOMRAM 00002A
?___fltol                cstackCOMRAM 000011
?___fpclassifyf          cstackCOMRAM 000011
?___wmul                 cstackCOMRAM 000011
?_atoi                   cstackCOMRAM 000018
?_efgtoa                 cstackBANK0  000060
?_floorf                 cstackCOMRAM 00002A
?_isdigit                cstackCOMRAM 000011
?_isspace                cstackCOMRAM 000011
?_isupper                cstackCOMRAM 000011
?_pad                    cstackCOMRAM 000021
?_sprintf                cstackBANK0  0000C2
?_strlen                 cstackCOMRAM 000011
?_strncmp                cstackCOMRAM 000011
?_tolower                cstackCOMRAM 000017
?_vfpfcnvrt              cstackBANK0  0000A4
?_vfprintf               cstackBANK0  0000BA
?i2___fladd              cstackCOMRAM 000001
LCD_Cadena@dato          cstackCOMRAM 000012
LCD_Comando@cmd          cstackCOMRAM 000011
LCD_Data@data            cstackCOMRAM 000011
LCD_XY@x                 cstackCOMRAM 000012
LCD_XY@y                 cstackCOMRAM 000014
_ADCON1                  (abs)        000FC1
_INTCONbits              (abs)        000FF2
_LATDbits                (abs)        000F8C
_LCD_Cadena              text34       003748
_LCD_Comando             text33       003A6C
_LCD_Data                text35       0038CC
_LCD_Init                text32       003534
_LCD_XY                  text31       003C24
_PORTAbits               (abs)        000F80
_PORTD                   (abs)        000F83
_T0CONbits               (abs)        000FD5
_TMR0                    (abs)        000FD6
_TRISA                   (abs)        000F92
_TRISD                   (abs)        000F95
_TRISDbits               (abs)        000F95
__HRAM                   (abs)        000000
__Habs1                  abs1         000000
__Hbank0                 bank0        000000
__Hbank1                 bank1        000000
__Hbank2                 bank2        000000
__Hbank3                 bank3        000000
__Hbank4                 bank4        000000
__Hbank5                 bank5        000000
__Hbank6                 bank6        000000
__Hbank7                 bank7        000000
__Hbigbss                bigbss       000000
__Hbigdata               bigdata      000000
__Hbigram                bigram       000000
__Hbss                   bss          000000
__HbssBANK0              bssBANK0     000000
__HbssBANK1              bssBANK1     000000
__HbssCOMRAM             bssCOMRAM    000000
__Hcinit                 cinit        000000
__Hclrtext               clrtext      000000
__Hcomram                comram       000000
__Hconfig                config       30000E
__Hconst                 const        000000
__HcstackBANK0           cstackBANK0  000000
__HcstackCOMRAM          cstackCOMRAM 000000
__Hdata                  data         000000
__HdataCOMRAM            dataCOMRAM   000000
__Heeprom_data           eeprom_data  000000
__Hfarbss                farbss       000000
__Hfardata               fardata      000000
__Hibigdata              ibigdata     000000
__Hidata                 idata        000000
__HidataCOMRAM           idataCOMRAM  000000
__Hidloc                 idloc        200008
__Hifardata              ifardata     000000
__Hinit                  init         000012
__Hintcode               intcode      00000E
__Hintcode_body          intcode_body 000000
__Hintcodelo             intcodelo    00000E
__Hintentry              intentry     000000
__Hintret                intret       000000
__Hintsave_regs          intsave_regs 000000
__Hirdata                irdata       000000
__Hmediumconst           mediumconst  000000
__HnvFARRAM              nvFARRAM     000000
__Hnvbit                 nvbit        000000
__Hnvrram                nvrram       000000
__Hparam                 rparam       000000
__Hpowerup               powerup      00000E
__Hram                   ram          000000
__Hramtop                ramtop       000800
__Hrbit                  rbit         000000
__Hrbss                  rbss         000000
__Hrdata                 rdata        000000
__Hreset_vec             reset_vec    000004
__Hrparam                rparam       000000
__Hsfr                   sfr          000000
__Hsmallconst            smallconst   00082A
__Hspace_0               (abs)        003CA0
__Hspace_1               (abs)        000150
__Hspace_2               (abs)        000000
__Hspace_4               (abs)        60000E
__Hstack                 stack        000000
__Hstruct                struct       000000
__Htemp                  temp         00004F
__Htext                  text         000000
__Htext0                 text0        000000
__Htext1                 text1        000000
__Htext10                text10       000000
__Htext11                text11       000000
__Htext12                text12       000000
__Htext13                text13       000000
__Htext14                text14       000000
__Htext15                text15       000000
__Htext16                text16       000000
__Htext17                text17       000000
__Htext18                text18       000000
__Htext19                text19       000000
__Htext2                 text2        000000
__Htext20                text20       000000
__Htext21                text21       000000
__Htext22                text22       000000
__Htext23                text23       000000
__Htext24                text24       000000
__Htext25                text25       000000
__Htext26                text26       000000
__Htext27                text27       000000
__Htext28                text28       000000
__Htext29                text29       000000
__Htext3                 text3        000000
__Htext30                text30       000000
__Htext31                text31       000000
__Htext32                text32       000000
__Htext33                text33       000000
__Htext34                text34       000000
__Htext35                text35       000000
__Htext37                text37       000000
__Htext4                 text4        000000
__Htext5                 text5        000000
__Htext6                 text6        000000
__Htext7                 text7        000000
__Htext8                 text8        000000
__Htext9                 text9        000000
__LRAM                   (abs)        000001
__Labs1                  abs1         000000
__Lbank0                 bank0        000000
__Lbank1                 bank1        000000
__Lbank2                 bank2        000000
__Lbank3                 bank3        000000
__Lbank4                 bank4        000000
__Lbank5                 bank5        000000
__Lbank6                 bank6        000000
__Lbank7                 bank7        000000
__Lbigbss                bigbss       000000
__Lbigdata               bigdata      000000
__Lbigram                bigram       000000
__Lbss                   bss          000000
__LbssBANK0              bssBANK0     000000
__LbssBANK1              bssBANK1     000000
__LbssCOMRAM             bssCOMRAM    000000
__Lcinit                 cinit        000000
__Lclrtext               clrtext      000000
__Lcomram                comram       000000
__Lconfig                config       000000
__Lconst                 const        000000
__LcstackBANK0           cstackBANK0  000000
__LcstackCOMRAM          cstackCOMRAM 000000
__Ldata                  data         000000
__LdataCOMRAM            dataCOMRAM   000000
__Leeprom_data           eeprom_data  000000
__Lfarbss                farbss       000000
__Lfardata               fardata      000000
__Libigdata              ibigdata     000000
__Lidata                 idata        000000
__LidataCOMRAM           idataCOMRAM  000000
__Lidloc                 idloc        000000
__Lifardata              ifardata     000000
__Linit                  init         00000E
__Lintcode               intcode      000008
__Lintcode_body          intcode_body 000000
__Lintcodelo             intcodelo    00000E
__Lintentry              intentry     000000
__Lintret                intret       000000
__Lintsave_regs          intsave_regs 000000
__Lirdata                irdata       000000
__Lmediumconst           mediumconst  000000
__LnvFARRAM              nvFARRAM     000000
__Lnvbit                 nvbit        000000
__Lnvrram                nvrram       000000
__Lparam                 rparam       000000
__Lpowerup               powerup      00000E
__Lram                   ram          000000
__Lramtop                ramtop       000800
__Lrbit                  rbit         000000
__Lrbss                  rbss         000000
__Lrdata                 rdata        000000
__Lreset_vec             reset_vec    000000
__Lrparam                rparam       000000
__Lsfr                   sfr          000000
__Lsmallconst            smallconst   000800
__Lspace_0               (abs)        000000
__Lspace_1               (abs)        000000
__Lspace_2               (abs)        000000
__Lspace_4               (abs)        000000
__Lstack                 stack        000000
__Lstruct                struct       000000
__Ltemp                  temp         00004E
__Ltext                  text         000000
__Ltext0                 text0        000000
__Ltext1                 text1        000000
__Ltext10                text10       000000
__Ltext11                text11       000000
__Ltext12                text12       000000
__Ltext13                text13       000000
__Ltext14                text14       000000
__Ltext15                text15       000000
__Ltext16                text16       000000
__Ltext17                text17       000000
__Ltext18                text18       000000
__Ltext19                text19       000000
__Ltext2                 text2        000000
__Ltext20                text20       000000
__Ltext21                text21       000000
__Ltext22                text22       000000
__Ltext23                text23       000000
__Ltext24                text24       000000
__Ltext25                text25       000000
__Ltext26                text26       000000
__Ltext27                text27       000000
__Ltext28                text28       000000
__Ltext29                text29       000000
__Ltext3                 text3        000000
__Ltext30                text30       000000
__Ltext31                text31       000000
__Ltext32                text32       000000
__Ltext33                text33       000000
__Ltext34                text34       000000
__Ltext35                text35       000000
__Ltext37                text37       000000
__Ltext4                 text4        000000
__Ltext5                 text5        000000
__Ltext6                 text6        000000
__Ltext7                 text7        000000
__Ltext8                 text8        000000
__Ltext9                 text9        000000
__S0                     (abs)        003CA0
__S1                     (abs)        000150
__S2                     (abs)        000000
__S4                     (abs)        000000
__S5                     (abs)        000000
___awdiv                 text25       0033AE
___awdiv@counter         cstackCOMRAM 000015
___awdiv@dividend        cstackCOMRAM 000011
___awdiv@divisor         cstackCOMRAM 000013
___awdiv@quotient        cstackCOMRAM 000017
___awdiv@sign            cstackCOMRAM 000016
___awmod                 text24       0035EE
___awmod@counter         cstackCOMRAM 000015
___awmod@dividend        cstackCOMRAM 000011
___awmod@divisor         cstackCOMRAM 000013
___awmod@sign            cstackCOMRAM 000016
___fladd                 text18       001484
___fladd@a               cstackCOMRAM 000015
___fladd@aexp            cstackCOMRAM 00001E
___fladd@b               cstackCOMRAM 000011
___fladd@bexp            cstackCOMRAM 00001F
___fladd@grs             cstackCOMRAM 000020
___fladd@signs           cstackCOMRAM 00001D
___fldiv                 text23       00269A
___fldiv@a               cstackCOMRAM 000015
___fldiv@aexp            cstackCOMRAM 000029
___fldiv@b               cstackCOMRAM 000011
___fldiv@bexp            cstackCOMRAM 000028
___fldiv@grs             cstackCOMRAM 000024
___fldiv@new_exp         cstackCOMRAM 000022
___fldiv@rem             cstackCOMRAM 00001D
___fldiv@sign            cstackCOMRAM 000021
___fleq                  text22       00369E
___fleq@ff1              cstackCOMRAM 000011
___fleq@ff2              cstackCOMRAM 000015
___flge                  text21       00300C
___flge@ff1              cstackCOMRAM 00002A
___flge@ff2              cstackCOMRAM 00002E
___flmul                 text20       002270
___flmul@a               cstackCOMRAM 000015
___flmul@aexp            cstackCOMRAM 000022
___flmul@b               cstackCOMRAM 000011
___flmul@bexp            cstackCOMRAM 000023
___flmul@grs             cstackCOMRAM 00001E
___flmul@prod            cstackCOMRAM 000024
___flmul@sign            cstackCOMRAM 00001D
___flmul@temp            cstackCOMRAM 000028
___flneg                 text19       003B7E
___flneg@f1              cstackCOMRAM 000011
___flsub                 text17       003ABC
___flsub@a               cstackCOMRAM 00002E
___flsub@b               cstackCOMRAM 00002A
___fltol                 text16       002F06
___fltol@exp1            cstackCOMRAM 00001A
___fltol@f1              cstackCOMRAM 000011
___fltol@sign1           cstackCOMRAM 000019
___fpclassifyf           text15       003110
___fpclassifyf@F465      bssCOMRAM    00003E
___fpclassifyf@e         cstackCOMRAM 000019
___fpclassifyf@u         cstackCOMRAM 00001B
___fpclassifyf@x         cstackCOMRAM 000011
___inthi_sp              stack        000000
___intlo_sp              stack        000000
___param_bank            (abs)        000000
___rparam_used           (abs)        000001
___sp                    stack        000000
___wmul                  text29       003C54
___wmul@multiplicand     cstackCOMRAM 000013
___wmul@multiplier       cstackCOMRAM 000011
___wmul@product          cstackCOMRAM 000015
__accesstop              (abs)        000060
__activetblptr           (abs)        000002
__end_of_LCD_Cadena      text34       0037AE
__end_of_LCD_Comando     text33       003ABC
__end_of_LCD_Data        text35       003924
__end_of_LCD_Init        text32       0035EE
__end_of_LCD_XY          text31       003C54
__end_of___awdiv         text25       003472
__end_of___awmod         text24       00369E
__end_of___fladd         text18       001944
__end_of___fldiv         text23       002A34
__end_of___fleq          text22       003748
__end_of___flge          text21       003110
__end_of___flmul         text20       00269A
__end_of___flneg         text19       003BB6
__end_of___flsub         text17       003B02
__end_of___fltol         text16       00300C
__end_of___fpclassifyf   text15       00320E
__end_of___wmul          text29       003C7A
__end_of__initialization cinit        003968
__end_of_atoi            text26       002DD6
__end_of_confT0          text30       003C9A
__end_of_efgtoa          text5        001484
__end_of_floorf          text14       002C46
__end_of_fputc           text12       0033AE
__end_of_fputs           text11       003B46
__end_of_isdigit         text28       003BEE
__end_of_isspace         text27       003A1A
__end_of_isupper         text7        003B7E
__end_of_main            text0        002F06
__end_of_pad             text9        003534
__end_of_putch           text13       003CA0
__end_of_sprintf         text1        0039C8
__end_of_strcpy          text8        0038CC
__end_of_strlen          text10       003C24
__end_of_strncmp         text4        0032E4
__end_of_timer0          intcode_body 003A6C
__end_of_tolower         text6        003870
__end_of_vfpfcnvrt       text3        002270
__end_of_vfprintf        text2        003810
__end_ofi2___fladd       text37       001E04
__initialization         cinit        003924
__mediumconst            mediumconst  000000
__pbssBANK0              bssBANK0     0000D9
__pbssBANK1              bssBANK1     000100
__pbssCOMRAM             bssCOMRAM    00003E
__pcinit                 cinit        003924
__pcstackBANK0           cstackBANK0  000060
__pcstackCOMRAM          cstackCOMRAM 000001
__pdataCOMRAM            dataCOMRAM   00004A
__pidataCOMRAM           idataCOMRAM  003C9A
__pintcode               intcode      000008
__pintcode_body          intcode_body 003A1A
__psmallconst            smallconst   000800
__ptext0                 text0        002DD6
__ptext1                 text1        003976
__ptext10                text10       003BEE
__ptext11                text11       003B02
__ptext12                text12       0032E4
__ptext13                text13       003C9E
__ptext14                text14       002A34
__ptext15                text15       003110
__ptext16                text16       002F06
__ptext17                text17       003ABC
__ptext18                text18       001484
__ptext19                text19       003B7E
__ptext2                 text2        0037AE
__ptext20                text20       002270
__ptext21                text21       00300C
__ptext22                text22       00369E
__ptext23                text23       00269A
__ptext24                text24       0035EE
__ptext25                text25       0033AE
__ptext26                text26       002C46
__ptext27                text27       0039C8
__ptext28                text28       003BB6
__ptext29                text29       003C54
__ptext3                 text3        001E04
__ptext30                text30       003C7A
__ptext31                text31       003C24
__ptext32                text32       003534
__ptext33                text33       003A6C
__ptext34                text34       003748
__ptext35                text35       0038CC
__ptext37                text37       001944
__ptext4                 text4        00320E
__ptext5                 text5        00082A
__ptext6                 text6        003810
__ptext7                 text7        003B46
__ptext8                 text8        003870
__ptext9                 text9        003472
__ramtop                 ramtop       000800
__size_of_LCD_Cadena     (abs)        000000
__size_of_LCD_Comando    (abs)        000000
__size_of_LCD_Data       (abs)        000000
__size_of_LCD_Init       (abs)        000000
__size_of_LCD_XY         (abs)        000000
__size_of___awdiv        (abs)        000000
__size_of___awmod        (abs)        000000
__size_of___fladd        (abs)        000000
__size_of___fldiv        (abs)        000000
__size_of___fleq         (abs)        000000
__size_of___flge         (abs)        000000
__size_of___flmul        (abs)        000000
__size_of___flneg        (abs)        000000
__size_of___flsub        (abs)        000000
__size_of___fltol        (abs)        000000
__size_of___fpclassifyf  (abs)        000000
__size_of___wmul         (abs)        000000
__size_of_atoi           (abs)        000000
__size_of_confT0         (abs)        000000
__size_of_efgtoa         (abs)        000000
__size_of_floorf         (abs)        000000
__size_of_fputc          (abs)        000000
__size_of_fputs          (abs)        000000
__size_of_isdigit        (abs)        000000
__size_of_isspace        (abs)        000000
__size_of_isupper        (abs)        000000
__size_of_main           (abs)        000000
__size_of_pad            (abs)        000000
__size_of_putch          (abs)        000000
__size_of_sprintf        (abs)        000000
__size_of_strcpy         (abs)        000000
__size_of_strlen         (abs)        000000
__size_of_strncmp        (abs)        000000
__size_of_timer0         (abs)        000000
__size_of_tolower        (abs)        000000
__size_of_vfpfcnvrt      (abs)        000000
__size_of_vfprintf       (abs)        000000
__size_ofi2___fladd      (abs)        000000
__smallconst             smallconst   000800
_atoi                    text26       002C46
_atoi$986                cstackCOMRAM 000020
_atoi$987                cstackCOMRAM 000024
_atoi$988                cstackCOMRAM 000022
_buffer1                 bssBANK0     0000DF
_confT0                  text30       003C7A
_dbuf                    bssBANK1     000100
_distancia               dataCOMRAM   00004A
_efgtoa                  text5        00082A
_efgtoa$922              cstackBANK0  00006C
_efgtoa$923              cstackBANK0  00006E
_efgtoa$928              cstackBANK0  000070
_efgtoa$932              cstackBANK0  000072
_efgtoa$933              cstackBANK0  000074
_efgtoa$934              cstackBANK0  000076
_flags                   bssCOMRAM    000046
_floorf                  text14       002A34
_fputc                   text12       0032E4
_fputs                   text11       003B02
_isdigit                 text28       003BB6
_isspace                 text27       0039C8
_isspace$1017            cstackCOMRAM 000017
_isupper                 text7        003B46
_main                    text0        002DD6
_nout                    bssBANK0     0000DD
_pad                     text9        003472
_prec                    bssCOMRAM    000044
_putch                   text13       003C9E
_sprintf                 text1        003976
_strcpy                  text8        003870
_strlen                  text10       003BEE
_strncmp                 text4        00320E
_tiempo                  bssCOMRAM    000048
_timer0                  intcode      000008
_tolower                 text6        003810
_tolower$1081            cstackCOMRAM 00001D
_vfpfcnvrt               text3        001E04
_vfpfcnvrt$948           cstackBANK0  0000AE
_vfpfcnvrt$952           cstackBANK0  0000B0
_vfprintf                text2        0037AE
_width                   bssCOMRAM    000042
atoi@n                   cstackCOMRAM 000025
atoi@neg                 cstackCOMRAM 00001E
atoi@s                   cstackCOMRAM 000018
btemp                    temp         00004E
efgtoa@c                 cstackBANK0  000066
efgtoa@d                 cstackBANK0  000084
efgtoa@e                 cstackBANK0  00009C
efgtoa@f                 cstackBANK0  000062
efgtoa@fp                cstackBANK0  000060
efgtoa@g                 cstackBANK0  000098
efgtoa@h                 cstackBANK0  00008E
efgtoa@i                 cstackBANK0  000096
efgtoa@l                 cstackBANK0  000092
efgtoa@m                 cstackBANK0  00007E
efgtoa@mode              cstackBANK0  00008D
efgtoa@n                 cstackBANK0  00009E
efgtoa@ne                cstackBANK0  00007C
efgtoa@nmode             cstackBANK0  00008C
efgtoa@ou                cstackBANK0  000080
efgtoa@p                 cstackBANK0  000088
efgtoa@pp                cstackBANK0  00007A
efgtoa@sign              cstackBANK0  000086
efgtoa@t                 cstackBANK0  000078
efgtoa@u                 cstackBANK0  0000A0
efgtoa@w                 cstackBANK0  00008A
end_of_initialization    cinit        003968
floorf@F527              bssBANK0     0000D9
floorf@e                 cstackCOMRAM 000038
floorf@m                 cstackCOMRAM 000034
floorf@u                 cstackCOMRAM 00003A
floorf@x                 cstackCOMRAM 00002A
fputc@c                  cstackCOMRAM 000011
fputc@fp                 cstackCOMRAM 000013
fputs@c                  cstackCOMRAM 00001E
fputs@fp                 cstackCOMRAM 00001C
fputs@i                  cstackCOMRAM 00001F
fputs@s                  cstackCOMRAM 00001A
i2___fladd               text37       001944
i2___fladd@a             cstackCOMRAM 000005
i2___fladd@aexp          cstackCOMRAM 00000E
i2___fladd@b             cstackCOMRAM 000001
i2___fladd@bexp          cstackCOMRAM 00000F
i2___fladd@grs           cstackCOMRAM 000010
i2___fladd@signs         cstackCOMRAM 00000D
int$flags                temp         00004E
int_func                 intcode_body 003A1A
intlevel0                text         000000
intlevel1                text         000000
intlevel2                text         000000
intlevel3                text         000000
isa$std                  (abs)        000001
isa$xinst                (abs)        000000
isdigit@c                cstackCOMRAM 000011
isspace@c                cstackCOMRAM 000011
isupper@c                cstackCOMRAM 000011
pad@buf                  cstackCOMRAM 000023
pad@fp                   cstackCOMRAM 000021
pad@i                    cstackCOMRAM 000028
pad@p                    cstackCOMRAM 000025
pad@w                    cstackCOMRAM 00002A
sprintf@ap               cstackBANK0  0000CA
sprintf@f                cstackBANK0  0000CC
sprintf@fmt              cstackBANK0  0000C4
sprintf@s                cstackBANK0  0000C2
stackhi                  (abs)        0007FF
stacklo                  (abs)        000150
start                    init         00000E
start_initialization     cinit        003924
strcpy@d                 cstackCOMRAM 000019
strcpy@dest              cstackCOMRAM 000011
strcpy@s                 cstackCOMRAM 000017
strcpy@src               cstackCOMRAM 000013
strlen@a                 cstackCOMRAM 000013
strlen@s                 cstackCOMRAM 000011
strncmp@_l               cstackCOMRAM 000011
strncmp@_r               cstackCOMRAM 000013
strncmp@l                cstackCOMRAM 000018
strncmp@n                cstackCOMRAM 000015
strncmp@r                cstackCOMRAM 00001A
tolower@c                cstackCOMRAM 000017
ttemp5                   temp         00004F
ttemp6                   temp         000052
ttemp7                   temp         000056
vfpfcnvrt@ap             cstackBANK0  0000A8
vfpfcnvrt@c              cstackBANK0  0000B9
vfpfcnvrt@ct             cstackBANK0  0000B2
vfpfcnvrt@f              cstackBANK0  0000B5
vfpfcnvrt@fmt            cstackBANK0  0000A6
vfpfcnvrt@fp             cstackBANK0  0000A4
vfprintf@ap              cstackBANK0  0000BE
vfprintf@cfmt            cstackBANK0  0000C0
vfprintf@fmt             cstackBANK0  0000BC
vfprintf@fp              cstackBANK0  0000BA
wtemp8                   temp         00004F


MODULE INFORMATION

Module		Function		Class		Link	Load	Size
C:\Program Files\Microchip\xc8\v2.32\pic\sources\c99\common\nf_sprintf.c
		_sprintf       		CODE           	3976	0000	82

C:\Program Files\Microchip\xc8\v2.32\pic\sources\c99\common\nf_sprintf.c estimated size: 82

C:\Program Files\Microchip\xc8\v2.32\pic\sources\c99\common\awdiv.c
		___awdiv       		CODE           	33AE	0000	196

C:\Program Files\Microchip\xc8\v2.32\pic\sources\c99\common\awdiv.c estimated size: 196

C:\Program Files\Microchip\xc8\v2.32\pic\sources\c99\common\isdigit.c
		_isdigit       		CODE           	3BB6	0000	56

C:\Program Files\Microchip\xc8\v2.32\pic\sources\c99\common\isdigit.c estimated size: 56

C:\Program Files\Microchip\xc8\v2.32\pic\sources\c99\common\sprcadd.c
		___flsub       		CODE           	3ABC	0000	70
		___fladd       		CODE           	1484	0000	1216

C:\Program Files\Microchip\xc8\v2.32\pic\sources\c99\common\sprcadd.c estimated size: 1286

C:\Program Files\Microchip\xc8\v2.32\pic\sources\c99\common\doprnt.c
		_vfpfcnvrt     		CODE           	1E04	0000	1132
		_efgtoa        		CODE           	082A	0000	3162
		_pad           		CODE           	3472	0000	194
		_vfprintf      		CODE           	37AE	0000	98

C:\Program Files\Microchip\xc8\v2.32\pic\sources\c99\common\doprnt.c estimated size: 4586

C:\Program Files\Microchip\xc8\v2.32\pic\sources\c99\common\flneg.c
		___flneg       		CODE           	3B7E	0000	56

C:\Program Files\Microchip\xc8\v2.32\pic\sources\c99\common\flneg.c estimated size: 56

C:\Program Files\Microchip\xc8\v2.32\pic\sources\c99\common\atoi.c
		_atoi          		CODE           	2C46	0000	400

C:\Program Files\Microchip\xc8\v2.32\pic\sources\c99\common\atoi.c estimated size: 400

C:\Program Files\Microchip\xc8\v2.32\pic\sources\c99\common\nf_fputs.c
		_fputs         		CODE           	3B02	0000	68

C:\Program Files\Microchip\xc8\v2.32\pic\sources\c99\common\nf_fputs.c estimated size: 68

C:\Program Files\Microchip\xc8\v2.32\pic\sources\c99\common\fleq.c
		___fleq        		CODE           	369E	0000	170

C:\Program Files\Microchip\xc8\v2.32\pic\sources\c99\common\fleq.c estimated size: 170

C:\Program Files\Microchip\xc8\v2.32\pic\sources\c99\common\putch.c
		_putch         		CODE           	3C9E	0000	2

C:\Program Files\Microchip\xc8\v2.32\pic\sources\c99\common\putch.c estimated size: 2

C:\Program Files\Microchip\xc8\v2.32\pic\sources\c99\common\__fpclassifyf.c
		___fpclassifyf 		CODE           	3110	0000	254

C:\Program Files\Microchip\xc8\v2.32\pic\sources\c99\common\__fpclassifyf.c estimated size: 254

C:\Program Files\Microchip\xc8\v2.32\pic\sources\c99\common\isupper.c
		_isupper       		CODE           	3B46	0000	56

C:\Program Files\Microchip\xc8\v2.32\pic\sources\c99\common\isupper.c estimated size: 56

C:\Program Files\Microchip\xc8\v2.32\pic\sources\c99\common\Umul16.c
		___wmul        		CODE           	3C54	0000	38

C:\Program Files\Microchip\xc8\v2.32\pic\sources\c99\common\Umul16.c estimated size: 38

C:\Program Files\Microchip\xc8\v2.32\pic\sources\c99\common\isspace.c
		_isspace       		CODE           	39C8	0000	82

C:\Program Files\Microchip\xc8\v2.32\pic\sources\c99\common\isspace.c estimated size: 82

C:\Program Files\Microchip\xc8\v2.32\pic\sources\c99\common\strncmp.c
		_strncmp       		CODE           	320E	0000	214

C:\Program Files\Microchip\xc8\v2.32\pic\sources\c99\common\strncmp.c estimated size: 214

C:\Program Files\Microchip\xc8\v2.32\pic\sources\c99\common\tolower.c
		_tolower       		CODE           	3810	0000	96

C:\Program Files\Microchip\xc8\v2.32\pic\sources\c99\common\tolower.c estimated size: 96

shared
		i2___fladd     		CODE           	1944	0000	1216
		__initialization		CODE           	3924	0000	68

shared estimated size: 1284

C:\Program Files\Microchip\xc8\v2.32\pic\sources\c99\common\sprcmul.c
		___flmul       		CODE           	2270	0000	1066

C:\Program Files\Microchip\xc8\v2.32\pic\sources\c99\common\sprcmul.c estimated size: 1066

C:\Program Files\Microchip\xc8\v2.32\pic\sources\c99\common\awmod.c
		___awmod       		CODE           	35EE	0000	176

C:\Program Files\Microchip\xc8\v2.32\pic\sources\c99\common\awmod.c estimated size: 176

C:\Program Files\Microchip\xc8\v2.32\pic\sources\c99\common\sprcdiv.c
		___fldiv       		CODE           	269A	0000	922

C:\Program Files\Microchip\xc8\v2.32\pic\sources\c99\common\sprcdiv.c estimated size: 922

C:\Program Files\Microchip\xc8\v2.32\pic\sources\c99\common\fltol.c
		___fltol       		CODE           	2F06	0000	262

C:\Program Files\Microchip\xc8\v2.32\pic\sources\c99\common\fltol.c estimated size: 262

LCD_lib.c
		_LCD_Init      		CODE           	3534	0000	186
		_LCD_Cadena    		CODE           	3748	0000	102
		_LCD_Comando   		CODE           	3A6C	0000	80
		_LCD_XY        		CODE           	3C24	0000	48
		_LCD_Data      		CODE           	38CC	0000	88

LCD_lib.c estimated size: 504

C:\Program Files\Microchip\xc8\v2.32\pic\sources\c99\common\nf_fputc.c
		_fputc         		CODE           	32E4	0000	202

C:\Program Files\Microchip\xc8\v2.32\pic\sources\c99\common\nf_fputc.c estimated size: 202

main.c
		_timer0        		CODE           	0008	0000	88
		_main          		CODE           	2DD6	0000	304
		_confT0        		CODE           	3C7A	0000	32

main.c estimated size: 424

C:\Program Files\Microchip\xc8\v2.32\pic\sources\c99\common\strlen.c
		_strlen        		CODE           	3BEE	0000	54

C:\Program Files\Microchip\xc8\v2.32\pic\sources\c99\common\strlen.c estimated size: 54

C:\Program Files\Microchip\xc8\v2.32\pic\sources\c99\common\flge.c
		___flge        		CODE           	300C	0000	260

C:\Program Files\Microchip\xc8\v2.32\pic\sources\c99\common\flge.c estimated size: 260

C:\Program Files\Microchip\xc8\v2.32\pic\sources\c99\common\floorf.c
		_floorf        		CODE           	2A34	0000	530

C:\Program Files\Microchip\xc8\v2.32\pic\sources\c99\common\floorf.c estimated size: 530

C:\Program Files\Microchip\xc8\v2.32\pic\sources\c99\common\strcpy.c
		_strcpy        		CODE           	3870	0000	92

C:\Program Files\Microchip\xc8\v2.32\pic\sources\c99\common\strcpy.c estimated size: 92

