Microchip MPLAB XC8 Compiler V2.32

Linker command line:

-W-3 --edf=C:\Program Files\Microchip\xc8\v2.32\pic\dat\en_msgs.txt -cn \
  -h+dist/default/production\Practica2.1.X.production.sym \
  --cmf=dist/default/production\Practica2.1.X.production.cmf -z -Q18F4550 \
  -oC:\Users\ALANCR~1\AppData\Local\Temp\xcAs13nc.4 \
  --defsym=__MPLAB_BUILD=1 \
  -Mdist/default/production/Practica2.1.X.production.map -E1 \
  -ver=XC8 Compiler --acfsm=1493 -ASTACK=0150h-07FFh -pstack=STACK \
  -ACODE=00h-07FFFh -ACONST=00h-07FFFh -ASMALLCONST=0800h-08FFhx120 \
  -AMEDIUMCONST=0800h-07FFFh -ACOMRAM=01h-05Fh -AABS1=00h-07FFh \
  -ABIGRAM=01h-07FFh -ARAM=060h-0FFh,0100h-01FFhx7 -ABANK0=060h-0FFh \
  -ABANK1=0100h-01FFh -ABANK2=0200h-02FFh -ABANK3=0300h-03FFh \
  -ABANK4=0400h-04FFh -ABANK5=0500h-05FFh -ABANK6=0600h-06FFh \
  -ABANK7=0700h-07FFh -ASFR=0F60h-0FFFh -ACONFIG=0300000h-030000Dh \
  -AIDLOC=0200000h-0200007h -AEEDATA=0F00000h-0F000FFh -peeprom_data=EEDATA \
  -preset_vec=00h,intcode=08h,intcodelo,powerup,init -pramtop=0800h \
  -psmallconst=SMALLCONST -pmediumconst=MEDIUMCONST -pconst=CONST \
  -AFARRAM=00h-00h \
  -prdata=COMRAM,nvrram=COMRAM,nvbit=COMRAM,rbss=COMRAM,rbit=COMRAM \
  -pfarbss=FARRAM,fardata=FARRAM,nvFARRAM=FARRAM \
  -pintsave_regs=BIGRAM,bigbss=BIGRAM,bigdata=BIGRAM -pbss=RAM \
  -pidata=CODE,irdata=CODE,ibigdata=CODE,ifardata=CODE -prparam=COMRAM \
  C:\Users\ALANCR~1\AppData\Local\Temp\xcAs13nc.o \
  dist/default/production\Practica2.1.X.production.o 

Object code version is 3.11

Machine type is 18F4550



                Name                               Link     Load   Length Selector   Space Scale
C:\Users\ALANCR~1\AppData\Local\Temp\xcAs13nc.o
                idloc                            200000   200000        8        0       5
                config                           300000   300000        E        0       4
                init                                  E        E        4        4       0
                reset_vec                             0        0        4        0       0
dist/default/production\Practica2.1.X.production.o
                intcode                               8        8        6        4       0
                idloc                            200000   200000        8        0       5
                config                           300000   300000        E        0       4
                temp                                 4E       4E        1        1       1
                smallconst                          800      800       28      400       0
                text33                             1942     1942      4C0      414       0
                intcode_body                       36FA     36FA       52      414       0
                text31                             35FE     35FE       58      414       0
                text30                             347A     347A       66      414       0
                text29                             374C     374C       50      414       0
                text28                             3266     3266       BA      414       0
                text27                             38CC     38CC       30      414       0
                text26                             38FC     38FC       18      414       0
                text25                             30E0     30E0       C4      414       0
                text24                             3320     3320       B0      414       0
                text23                             222C     222C      39A      414       0
                text22                             33D0     33D0       AA      414       0
                text21                             2D3E     2D3E      104      414       0
                text20                             1E02     1E02      42A      414       0
                text19                             385E     385E       38      414       0
                text18                             1482     1482      4C0      414       0
                text17                             379C     379C       46      414       0
                text16                             2C38     2C38      106      414       0
                text15                             2E42     2E42       FE      414       0
                text14                             2912     2912      212      414       0
                text13                             3918     3918        2      414       0
                text12                             3016     3016       CA      414       0
                text11                             37E2     37E2       44      414       0
                text10                             3896     3896       36      414       0
                text9                              31A4     31A4       C2      414       0
                text8                              35A2     35A2       5C      414       0
                text7                              3826     3826       38      414       0
                text6                              3542     3542       60      414       0
                text5                               828      828      C5A      414       0
                text4                              2F40     2F40       D6      414       0
                text3                              25C6     25C6      34C      414       0
                text2                              34E0     34E0       62      414       0
                text1                              36A8     36A8       52      414       0
                text0                              2B24     2B24      114      414       0
                cstackCOMRAM                          1        1       3D        1       1
                cstackBANK0                          60       60       77       60       1
                bssBANK1                            100      100       50      100       1
                bssBANK0                             D7       D7        9       60       1
                dataCOMRAM                           4A       4A        4        1       1
                bssCOMRAM                            3E       3E        C        1       1
                cinit                              3656     3656       52      414       0
                idataCOMRAM                        3914     3914        4      414       0

TOTAL           Name                               Link     Load   Length     Space
        CLASS   STACK          

        CLASS   CODE           
                intcode                               8        8        6         0
                init                                  E        E        4         0
                reset_vec                             0        0        4         0
                text33                             1942     1942      4C0         0
                intcode_body                       36FA     36FA       52         0
                text31                             35FE     35FE       58         0
                text30                             347A     347A       66         0
                text29                             374C     374C       50         0
                text28                             3266     3266       BA         0
                text27                             38CC     38CC       30         0
                text26                             38FC     38FC       18         0
                text25                             30E0     30E0       C4         0
                text24                             3320     3320       B0         0
                text23                             222C     222C      39A         0
                text22                             33D0     33D0       AA         0
                text21                             2D3E     2D3E      104         0
                text20                             1E02     1E02      42A         0
                text19                             385E     385E       38         0
                text18                             1482     1482      4C0         0
                text17                             379C     379C       46         0
                text16                             2C38     2C38      106         0
                text15                             2E42     2E42       FE         0
                text14                             2912     2912      212         0
                text13                             3918     3918        2         0
                text12                             3016     3016       CA         0
                text11                             37E2     37E2       44         0
                text10                             3896     3896       36         0
                text9                              31A4     31A4       C2         0
                text8                              35A2     35A2       5C         0
                text7                              3826     3826       38         0
                text6                              3542     3542       60         0
                text5                               828      828      C5A         0
                text4                              2F40     2F40       D6         0
                text3                              25C6     25C6      34C         0
                text2                              34E0     34E0       62         0
                text1                              36A8     36A8       52         0
                text0                              2B24     2B24      114         0
                cinit                              3656     3656       52         0
                idataCOMRAM                        3914     3914        4         0

        CLASS   CONST          

        CLASS   SMALLCONST     
                smallconst                          800      800       28         0

        CLASS   MEDIUMCONST    

        CLASS   COMRAM         
                temp                                 4E       4E        1         1
                cstackCOMRAM                          1        1       3D         1
                dataCOMRAM                           4A       4A        4         1
                bssCOMRAM                            3E       3E        C         1

        CLASS   ABS1           

        CLASS   BIGRAM         

        CLASS   RAM            

        CLASS   BANK0          
                cstackBANK0                          60       60       77         1
                bssBANK0                             D7       D7        9         1

        CLASS   BANK1          
                bssBANK1                            100      100       50         1

        CLASS   BANK2          

        CLASS   BANK3          

        CLASS   BANK4          

        CLASS   BANK5          

        CLASS   BANK6          

        CLASS   BANK7          

        CLASS   SFR            

        CLASS   CONFIG         
                config                           300000   300000        E         4

        CLASS   IDLOC          
                idloc                            200000   200000        8         5

        CLASS   EEDATA         

        CLASS   FARRAM         



SEGMENTS        Name                           Load    Length   Top    Selector   Space  Class

                reset_vec                      000000  000004  000004         0       0  CODE    
                cstackCOMRAM                   000001  00004E  00004F         1       1  COMRAM  
                intcode                        000008  00000A  000012         4       0  CODE    
                cstackBANK0                    000060  000080  0000E0        60       1  BANK0   
                bssBANK1                       000100  000050  000150       100       1  BANK1   
                smallconst                     000800  000028  000828       400       0  SMALLCON
                text5                          000828  0030F2  00391A       414       0  CODE    


UNUSED ADDRESS RANGES

        Name                Unused          Largest block    Delta
        BANK0            0000E0-0000FF               20
        BANK1            000150-0001FF               B0
        BANK2            000200-0002FF              100
        BANK3            000300-0003FF              100
        BANK4            000400-0004FF              100
        BANK5            000500-0005FF              100
        BANK6            000600-0006FF              100
        BANK7            000700-0007FF              100
        BIGRAM           00004F-00005F               11
                         0000E0-0000FF               20
                         000150-0007FF              6B0
        CODE             000004-000007                4
                         000012-0007FF              7EE
                         00391A-007FFF             46E6
        COMRAM           00004F-00005F               11
        CONST            000004-000007                4
                         000012-0007FF              7EE
                         00391A-007FFF             46E6
        EEDATA           F00000-F000FF              100
        MEDIUMCONST      00391A-007FFF             46E6
        RAM              0000E0-0000FF               20
                         000150-0007FF              100
        SFR              000F60-000FFF               A0
        SMALLCONST       00391A-007FFF              100
        STACK            000150-0007FF              6B0

                                  Symbol Table

?___awdiv                cstackCOMRAM 000011
?___awmod                cstackCOMRAM 000011
?___fladd                cstackCOMRAM 000011
?___fldiv                cstackCOMRAM 000011
?___flmul                cstackCOMRAM 000011
?___flneg                cstackCOMRAM 000011
?___flsub                cstackCOMRAM 00002A
?___fltol                cstackCOMRAM 000011
?___fpclassifyf          cstackCOMRAM 000011
?_efgtoa                 cstackBANK0  000060
?_floorf                 cstackCOMRAM 00002A
?_isupper                cstackCOMRAM 000011
?_pad                    cstackCOMRAM 000021
?_sprintf                cstackBANK0  0000C0
?_strlen                 cstackCOMRAM 000011
?_strncmp                cstackCOMRAM 000011
?_tolower                cstackCOMRAM 000017
?_vfpfcnvrt              cstackBANK0  0000A4
?_vfprintf               cstackBANK0  0000B8
?i2___fladd              cstackCOMRAM 000001
LCD_Cadena@dato          cstackCOMRAM 000012
LCD_Comando@cmd          cstackCOMRAM 000011
LCD_Data@data            cstackCOMRAM 000011
LCD_XY@x                 cstackCOMRAM 000012
LCD_XY@y                 cstackCOMRAM 000014
_ADCON1                  (abs)        000FC1
_INTCONbits              (abs)        000FF2
_LATDbits                (abs)        000F8C
_LCD_Cadena              text30       00347A
_LCD_Comando             text29       00374C
_LCD_Data                text31       0035FE
_LCD_Init                text28       003266
_LCD_XY                  text27       0038CC
_PORTAbits               (abs)        000F80
_PORTD                   (abs)        000F83
_T0CONbits               (abs)        000FD5
_TMR0                    (abs)        000FD6
_TRISA                   (abs)        000F92
_TRISD                   (abs)        000F95
_TRISDbits               (abs)        000F95
__HRAM                   (abs)        000000
__Habs1                  abs1         000000
__Hbank0                 bank0        000000
__Hbank1                 bank1        000000
__Hbank2                 bank2        000000
__Hbank3                 bank3        000000
__Hbank4                 bank4        000000
__Hbank5                 bank5        000000
__Hbank6                 bank6        000000
__Hbank7                 bank7        000000
__Hbigbss                bigbss       000000
__Hbigdata               bigdata      000000
__Hbigram                bigram       000000
__Hbss                   bss          000000
__HbssBANK0              bssBANK0     000000
__HbssBANK1              bssBANK1     000000
__HbssCOMRAM             bssCOMRAM    000000
__Hcinit                 cinit        000000
__Hclrtext               clrtext      000000
__Hcomram                comram       000000
__Hconfig                config       30000E
__Hconst                 const        000000
__HcstackBANK0           cstackBANK0  000000
__HcstackCOMRAM          cstackCOMRAM 000000
__Hdata                  data         000000
__HdataCOMRAM            dataCOMRAM   000000
__Heeprom_data           eeprom_data  000000
__Hfarbss                farbss       000000
__Hfardata               fardata      000000
__Hibigdata              ibigdata     000000
__Hidata                 idata        000000
__HidataCOMRAM           idataCOMRAM  000000
__Hidloc                 idloc        200008
__Hifardata              ifardata     000000
__Hinit                  init         000012
__Hintcode               intcode      00000E
__Hintcode_body          intcode_body 000000
__Hintcodelo             intcodelo    00000E
__Hintentry              intentry     000000
__Hintret                intret       000000
__Hintsave_regs          intsave_regs 000000
__Hirdata                irdata       000000
__Hmediumconst           mediumconst  000000
__HnvFARRAM              nvFARRAM     000000
__Hnvbit                 nvbit        000000
__Hnvrram                nvrram       000000
__Hparam                 rparam       000000
__Hpowerup               powerup      00000E
__Hram                   ram          000000
__Hramtop                ramtop       000800
__Hrbit                  rbit         000000
__Hrbss                  rbss         000000
__Hrdata                 rdata        000000
__Hreset_vec             reset_vec    000004
__Hrparam                rparam       000000
__Hsfr                   sfr          000000
__Hsmallconst            smallconst   000828
__Hspace_0               (abs)        00391A
__Hspace_1               (abs)        000150
__Hspace_2               (abs)        000000
__Hspace_4               (abs)        60000E
__Hstack                 stack        000000
__Hstruct                struct       000000
__Htemp                  temp         00004F
__Htext                  text         000000
__Htext0                 text0        000000
__Htext1                 text1        000000
__Htext10                text10       000000
__Htext11                text11       000000
__Htext12                text12       000000
__Htext13                text13       000000
__Htext14                text14       000000
__Htext15                text15       000000
__Htext16                text16       000000
__Htext17                text17       000000
__Htext18                text18       000000
__Htext19                text19       000000
__Htext2                 text2        000000
__Htext20                text20       000000
__Htext21                text21       000000
__Htext22                text22       000000
__Htext23                text23       000000
__Htext24                text24       000000
__Htext25                text25       000000
__Htext26                text26       000000
__Htext27                text27       000000
__Htext28                text28       000000
__Htext29                text29       000000
__Htext3                 text3        000000
__Htext30                text30       000000
__Htext31                text31       000000
__Htext33                text33       000000
__Htext4                 text4        000000
__Htext5                 text5        000000
__Htext6                 text6        000000
__Htext7                 text7        000000
__Htext8                 text8        000000
__Htext9                 text9        000000
__LRAM                   (abs)        000001
__Labs1                  abs1         000000
__Lbank0                 bank0        000000
__Lbank1                 bank1        000000
__Lbank2                 bank2        000000
__Lbank3                 bank3        000000
__Lbank4                 bank4        000000
__Lbank5                 bank5        000000
__Lbank6                 bank6        000000
__Lbank7                 bank7        000000
__Lbigbss                bigbss       000000
__Lbigdata               bigdata      000000
__Lbigram                bigram       000000
__Lbss                   bss          000000
__LbssBANK0              bssBANK0     000000
__LbssBANK1              bssBANK1     000000
__LbssCOMRAM             bssCOMRAM    000000
__Lcinit                 cinit        000000
__Lclrtext               clrtext      000000
__Lcomram                comram       000000
__Lconfig                config       000000
__Lconst                 const        000000
__LcstackBANK0           cstackBANK0  000000
__LcstackCOMRAM          cstackCOMRAM 000000
__Ldata                  data         000000
__LdataCOMRAM            dataCOMRAM   000000
__Leeprom_data           eeprom_data  000000
__Lfarbss                farbss       000000
__Lfardata               fardata      000000
__Libigdata              ibigdata     000000
__Lidata                 idata        000000
__LidataCOMRAM           idataCOMRAM  000000
__Lidloc                 idloc        000000
__Lifardata              ifardata     000000
__Linit                  init         00000E
__Lintcode               intcode      000008
__Lintcode_body          intcode_body 000000
__Lintcodelo             intcodelo    00000E
__Lintentry              intentry     000000
__Lintret                intret       000000
__Lintsave_regs          intsave_regs 000000
__Lirdata                irdata       000000
__Lmediumconst           mediumconst  000000
__LnvFARRAM              nvFARRAM     000000
__Lnvbit                 nvbit        000000
__Lnvrram                nvrram       000000
__Lparam                 rparam       000000
__Lpowerup               powerup      00000E
__Lram                   ram          000000
__Lramtop                ramtop       000800
__Lrbit                  rbit         000000
__Lrbss                  rbss         000000
__Lrdata                 rdata        000000
__Lreset_vec             reset_vec    000000
__Lrparam                rparam       000000
__Lsfr                   sfr          000000
__Lsmallconst            smallconst   000800
__Lspace_0               (abs)        000000
__Lspace_1               (abs)        000000
__Lspace_2               (abs)        000000
__Lspace_4               (abs)        000000
__Lstack                 stack        000000
__Lstruct                struct       000000
__Ltemp                  temp         00004E
__Ltext                  text         000000
__Ltext0                 text0        000000
__Ltext1                 text1        000000
__Ltext10                text10       000000
__Ltext11                text11       000000
__Ltext12                text12       000000
__Ltext13                text13       000000
__Ltext14                text14       000000
__Ltext15                text15       000000
__Ltext16                text16       000000
__Ltext17                text17       000000
__Ltext18                text18       000000
__Ltext19                text19       000000
__Ltext2                 text2        000000
__Ltext20                text20       000000
__Ltext21                text21       000000
__Ltext22                text22       000000
__Ltext23                text23       000000
__Ltext24                text24       000000
__Ltext25                text25       000000
__Ltext26                text26       000000
__Ltext27                text27       000000
__Ltext28                text28       000000
__Ltext29                text29       000000
__Ltext3                 text3        000000
__Ltext30                text30       000000
__Ltext31                text31       000000
__Ltext33                text33       000000
__Ltext4                 text4        000000
__Ltext5                 text5        000000
__Ltext6                 text6        000000
__Ltext7                 text7        000000
__Ltext8                 text8        000000
__Ltext9                 text9        000000
__S0                     (abs)        00391A
__S1                     (abs)        000150
__S2                     (abs)        000000
__S4                     (abs)        000000
__S5                     (abs)        000000
___awdiv                 text25       0030E0
___awdiv@counter         cstackCOMRAM 000015
___awdiv@dividend        cstackCOMRAM 000011
___awdiv@divisor         cstackCOMRAM 000013
___awdiv@quotient        cstackCOMRAM 000017
___awdiv@sign            cstackCOMRAM 000016
___awmod                 text24       003320
___awmod@counter         cstackCOMRAM 000015
___awmod@dividend        cstackCOMRAM 000011
___awmod@divisor         cstackCOMRAM 000013
___awmod@sign            cstackCOMRAM 000016
___fladd                 text18       001482
___fladd@a               cstackCOMRAM 000015
___fladd@aexp            cstackCOMRAM 00001E
___fladd@b               cstackCOMRAM 000011
___fladd@bexp            cstackCOMRAM 00001F
___fladd@grs             cstackCOMRAM 000020
___fladd@signs           cstackCOMRAM 00001D
___fldiv                 text23       00222C
___fldiv@a               cstackCOMRAM 000015
___fldiv@aexp            cstackCOMRAM 000029
___fldiv@b               cstackCOMRAM 000011
___fldiv@bexp            cstackCOMRAM 000028
___fldiv@grs             cstackCOMRAM 000024
___fldiv@new_exp         cstackCOMRAM 000022
___fldiv@rem             cstackCOMRAM 00001D
___fldiv@sign            cstackCOMRAM 000021
___fleq                  text22       0033D0
___fleq@ff1              cstackCOMRAM 000011
___fleq@ff2              cstackCOMRAM 000015
___flge                  text21       002D3E
___flge@ff1              cstackCOMRAM 00002A
___flge@ff2              cstackCOMRAM 00002E
___flmul                 text20       001E02
___flmul@a               cstackCOMRAM 000015
___flmul@aexp            cstackCOMRAM 000022
___flmul@b               cstackCOMRAM 000011
___flmul@bexp            cstackCOMRAM 000023
___flmul@grs             cstackCOMRAM 00001E
___flmul@prod            cstackCOMRAM 000024
___flmul@sign            cstackCOMRAM 00001D
___flmul@temp            cstackCOMRAM 000028
___flneg                 text19       00385E
___flneg@f1              cstackCOMRAM 000011
___flsub                 text17       00379C
___flsub@a               cstackCOMRAM 00002E
___flsub@b               cstackCOMRAM 00002A
___fltol                 text16       002C38
___fltol@exp1            cstackCOMRAM 00001A
___fltol@f1              cstackCOMRAM 000011
___fltol@sign1           cstackCOMRAM 000019
___fpclassifyf           text15       002E42
___fpclassifyf@F465      bssCOMRAM    00003E
___fpclassifyf@e         cstackCOMRAM 000019
___fpclassifyf@u         cstackCOMRAM 00001B
___fpclassifyf@x         cstackCOMRAM 000011
___inthi_sp              stack        000000
___intlo_sp              stack        000000
___param_bank            (abs)        000000
___rparam_used           (abs)        000001
___sp                    stack        000000
__accesstop              (abs)        000060
__activetblptr           (abs)        000002
__end_of_LCD_Cadena      text30       0034E0
__end_of_LCD_Comando     text29       00379C
__end_of_LCD_Data        text31       003656
__end_of_LCD_Init        text28       003320
__end_of_LCD_XY          text27       0038FC
__end_of___awdiv         text25       0031A4
__end_of___awmod         text24       0033D0
__end_of___fladd         text18       001942
__end_of___fldiv         text23       0025C6
__end_of___fleq          text22       00347A
__end_of___flge          text21       002E42
__end_of___flmul         text20       00222C
__end_of___flneg         text19       003896
__end_of___flsub         text17       0037E2
__end_of___fltol         text16       002D3E
__end_of___fpclassifyf   text15       002F40
__end_of__initialization cinit        00369A
__end_of_confT0          text26       003914
__end_of_efgtoa          text5        001482
__end_of_floorf          text14       002B24
__end_of_fputc           text12       0030E0
__end_of_fputs           text11       003826
__end_of_isupper         text7        00385E
__end_of_main            text0        002C38
__end_of_pad             text9        003266
__end_of_putch           text13       00391A
__end_of_sprintf         text1        0036FA
__end_of_strcpy          text8        0035FE
__end_of_strlen          text10       0038CC
__end_of_strncmp         text4        003016
__end_of_timer0          intcode_body 00374C
__end_of_tolower         text6        0035A2
__end_of_vfpfcnvrt       text3        002912
__end_of_vfprintf        text2        003542
__end_ofi2___fladd       text33       001E02
__initialization         cinit        003656
__mediumconst            mediumconst  000000
__pbssBANK0              bssBANK0     0000D7
__pbssBANK1              bssBANK1     000100
__pbssCOMRAM             bssCOMRAM    00003E
__pcinit                 cinit        003656
__pcstackBANK0           cstackBANK0  000060
__pcstackCOMRAM          cstackCOMRAM 000001
__pdataCOMRAM            dataCOMRAM   00004A
__pidataCOMRAM           idataCOMRAM  003914
__pintcode               intcode      000008
__pintcode_body          intcode_body 0036FA
__psmallconst            smallconst   000800
__ptext0                 text0        002B24
__ptext1                 text1        0036A8
__ptext10                text10       003896
__ptext11                text11       0037E2
__ptext12                text12       003016
__ptext13                text13       003918
__ptext14                text14       002912
__ptext15                text15       002E42
__ptext16                text16       002C38
__ptext17                text17       00379C
__ptext18                text18       001482
__ptext19                text19       00385E
__ptext2                 text2        0034E0
__ptext20                text20       001E02
__ptext21                text21       002D3E
__ptext22                text22       0033D0
__ptext23                text23       00222C
__ptext24                text24       003320
__ptext25                text25       0030E0
__ptext26                text26       0038FC
__ptext27                text27       0038CC
__ptext28                text28       003266
__ptext29                text29       00374C
__ptext3                 text3        0025C6
__ptext30                text30       00347A
__ptext31                text31       0035FE
__ptext33                text33       001942
__ptext4                 text4        002F40
__ptext5                 text5        000828
__ptext6                 text6        003542
__ptext7                 text7        003826
__ptext8                 text8        0035A2
__ptext9                 text9        0031A4
__ramtop                 ramtop       000800
__size_of_LCD_Cadena     (abs)        000000
__size_of_LCD_Comando    (abs)        000000
__size_of_LCD_Data       (abs)        000000
__size_of_LCD_Init       (abs)        000000
__size_of_LCD_XY         (abs)        000000
__size_of___awdiv        (abs)        000000
__size_of___awmod        (abs)        000000
__size_of___fladd        (abs)        000000
__size_of___fldiv        (abs)        000000
__size_of___fleq         (abs)        000000
__size_of___flge         (abs)        000000
__size_of___flmul        (abs)        000000
__size_of___flneg        (abs)        000000
__size_of___flsub        (abs)        000000
__size_of___fltol        (abs)        000000
__size_of___fpclassifyf  (abs)        000000
__size_of_confT0         (abs)        000000
__size_of_efgtoa         (abs)        000000
__size_of_floorf         (abs)        000000
__size_of_fputc          (abs)        000000
__size_of_fputs          (abs)        000000
__size_of_isupper        (abs)        000000
__size_of_main           (abs)        000000
__size_of_pad            (abs)        000000
__size_of_putch          (abs)        000000
__size_of_sprintf        (abs)        000000
__size_of_strcpy         (abs)        000000
__size_of_strlen         (abs)        000000
__size_of_strncmp        (abs)        000000
__size_of_timer0         (abs)        000000
__size_of_tolower        (abs)        000000
__size_of_vfpfcnvrt      (abs)        000000
__size_of_vfprintf       (abs)        000000
__size_ofi2___fladd      (abs)        000000
__smallconst             smallconst   000800
_buffer1                 bssBANK0     0000DD
_confT0                  text26       0038FC
_dbuf                    bssBANK1     000100
_distancia               dataCOMRAM   00004A
_efgtoa                  text5        000828
_efgtoa$912              cstackBANK0  00006C
_efgtoa$913              cstackBANK0  00006E
_efgtoa$918              cstackBANK0  000070
_efgtoa$922              cstackBANK0  000072
_efgtoa$923              cstackBANK0  000074
_efgtoa$924              cstackBANK0  000076
_flags                   bssCOMRAM    000046
_floorf                  text14       002912
_fputc                   text12       003016
_fputs                   text11       0037E2
_isupper                 text7        003826
_main                    text0        002B24
_nout                    bssBANK0     0000DB
_pad                     text9        0031A4
_prec                    bssCOMRAM    000044
_putch                   text13       003918
_sprintf                 text1        0036A8
_strcpy                  text8        0035A2
_strlen                  text10       003896
_strncmp                 text4        002F40
_tiempo                  bssCOMRAM    000048
_timer0                  intcode      000008
_tolower                 text6        003542
_tolower$1038            cstackCOMRAM 00001D
_vfpfcnvrt               text3        0025C6
_vfpfcnvrt$941           cstackBANK0  0000AE
_vfprintf                text2        0034E0
_width                   bssCOMRAM    000042
btemp                    temp         00004E
efgtoa@c                 cstackBANK0  000066
efgtoa@d                 cstackBANK0  000084
efgtoa@e                 cstackBANK0  00009C
efgtoa@f                 cstackBANK0  000062
efgtoa@fp                cstackBANK0  000060
efgtoa@g                 cstackBANK0  000098
efgtoa@h                 cstackBANK0  00008E
efgtoa@i                 cstackBANK0  000096
efgtoa@l                 cstackBANK0  000092
efgtoa@m                 cstackBANK0  00007E
efgtoa@mode              cstackBANK0  00008D
efgtoa@n                 cstackBANK0  00009E
efgtoa@ne                cstackBANK0  00007C
efgtoa@nmode             cstackBANK0  00008C
efgtoa@ou                cstackBANK0  000080
efgtoa@p                 cstackBANK0  000088
efgtoa@pp                cstackBANK0  00007A
efgtoa@sign              cstackBANK0  000086
efgtoa@t                 cstackBANK0  000078
efgtoa@u                 cstackBANK0  0000A0
efgtoa@w                 cstackBANK0  00008A
end_of_initialization    cinit        00369A
floorf@F527              bssBANK0     0000D7
floorf@e                 cstackCOMRAM 000038
floorf@m                 cstackCOMRAM 000034
floorf@u                 cstackCOMRAM 00003A
floorf@x                 cstackCOMRAM 00002A
fputc@c                  cstackCOMRAM 000011
fputc@fp                 cstackCOMRAM 000013
fputs@c                  cstackCOMRAM 00001E
fputs@fp                 cstackCOMRAM 00001C
fputs@i                  cstackCOMRAM 00001F
fputs@s                  cstackCOMRAM 00001A
i2___fladd               text33       001942
i2___fladd@a             cstackCOMRAM 000005
i2___fladd@aexp          cstackCOMRAM 00000E
i2___fladd@b             cstackCOMRAM 000001
i2___fladd@bexp          cstackCOMRAM 00000F
i2___fladd@grs           cstackCOMRAM 000010
i2___fladd@signs         cstackCOMRAM 00000D
int$flags                temp         00004E
int_func                 intcode_body 0036FA
intlevel0                text         000000
intlevel1                text         000000
intlevel2                text         000000
intlevel3                text         000000
isa$std                  (abs)        000001
isa$xinst                (abs)        000000
isupper@c                cstackCOMRAM 000011
pad@buf                  cstackCOMRAM 000023
pad@fp                   cstackCOMRAM 000021
pad@i                    cstackCOMRAM 000028
pad@p                    cstackCOMRAM 000025
pad@w                    cstackCOMRAM 00002A
sprintf@ap               cstackBANK0  0000C8
sprintf@f                cstackBANK0  0000CA
sprintf@fmt              cstackBANK0  0000C2
sprintf@s                cstackBANK0  0000C0
stackhi                  (abs)        0007FF
stacklo                  (abs)        000150
start                    init         00000E
start_initialization     cinit        003656
strcpy@d                 cstackCOMRAM 000019
strcpy@dest              cstackCOMRAM 000011
strcpy@s                 cstackCOMRAM 000017
strcpy@src               cstackCOMRAM 000013
strlen@a                 cstackCOMRAM 000013
strlen@s                 cstackCOMRAM 000011
strncmp@_l               cstackCOMRAM 000011
strncmp@_r               cstackCOMRAM 000013
strncmp@l                cstackCOMRAM 000018
strncmp@n                cstackCOMRAM 000015
strncmp@r                cstackCOMRAM 00001A
tolower@c                cstackCOMRAM 000017
ttemp5                   temp         00004F
ttemp6                   temp         000052
ttemp7                   temp         000056
vfpfcnvrt@ap             cstackBANK0  0000A8
vfpfcnvrt@c              cstackBANK0  0000B7
vfpfcnvrt@ct             cstackBANK0  0000B0
vfpfcnvrt@f              cstackBANK0  0000B3
vfpfcnvrt@fmt            cstackBANK0  0000A6
vfpfcnvrt@fp             cstackBANK0  0000A4
vfprintf@ap              cstackBANK0  0000BC
vfprintf@cfmt            cstackBANK0  0000BE
vfprintf@fmt             cstackBANK0  0000BA
vfprintf@fp              cstackBANK0  0000B8
wtemp8                   temp         00004F


MODULE INFORMATION

Module		Function		Class		Link	Load	Size
C:\Program Files\Microchip\xc8\v2.32\pic\sources\c99\common\nf_sprintf.c
		_sprintf       		CODE           	36A8	0000	82

C:\Program Files\Microchip\xc8\v2.32\pic\sources\c99\common\nf_sprintf.c estimated size: 82

C:\Program Files\Microchip\xc8\v2.32\pic\sources\c99\common\awdiv.c
		___awdiv       		CODE           	30E0	0000	196

C:\Program Files\Microchip\xc8\v2.32\pic\sources\c99\common\awdiv.c estimated size: 196

C:\Program Files\Microchip\xc8\v2.32\pic\sources\c99\common\sprcadd.c
		___flsub       		CODE           	379C	0000	70
		___fladd       		CODE           	1482	0000	1216

C:\Program Files\Microchip\xc8\v2.32\pic\sources\c99\common\sprcadd.c estimated size: 1286

C:\Program Files\Microchip\xc8\v2.32\pic\sources\c99\common\doprnt.c
		_vfpfcnvrt     		CODE           	25C6	0000	844
		_efgtoa        		CODE           	0828	0000	3162
		_pad           		CODE           	31A4	0000	194
		_vfprintf      		CODE           	34E0	0000	98

C:\Program Files\Microchip\xc8\v2.32\pic\sources\c99\common\doprnt.c estimated size: 4298

C:\Program Files\Microchip\xc8\v2.32\pic\sources\c99\common\flneg.c
		___flneg       		CODE           	385E	0000	56

C:\Program Files\Microchip\xc8\v2.32\pic\sources\c99\common\flneg.c estimated size: 56

C:\Program Files\Microchip\xc8\v2.32\pic\sources\c99\common\nf_fputs.c
		_fputs         		CODE           	37E2	0000	68

C:\Program Files\Microchip\xc8\v2.32\pic\sources\c99\common\nf_fputs.c estimated size: 68

C:\Program Files\Microchip\xc8\v2.32\pic\sources\c99\common\fleq.c
		___fleq        		CODE           	33D0	0000	170

C:\Program Files\Microchip\xc8\v2.32\pic\sources\c99\common\fleq.c estimated size: 170

C:\Program Files\Microchip\xc8\v2.32\pic\sources\c99\common\putch.c
		_putch         		CODE           	3918	0000	2

C:\Program Files\Microchip\xc8\v2.32\pic\sources\c99\common\putch.c estimated size: 2

C:\Program Files\Microchip\xc8\v2.32\pic\sources\c99\common\__fpclassifyf.c
		___fpclassifyf 		CODE           	2E42	0000	254

C:\Program Files\Microchip\xc8\v2.32\pic\sources\c99\common\__fpclassifyf.c estimated size: 254

C:\Program Files\Microchip\xc8\v2.32\pic\sources\c99\common\isupper.c
		_isupper       		CODE           	3826	0000	56

C:\Program Files\Microchip\xc8\v2.32\pic\sources\c99\common\isupper.c estimated size: 56

C:\Program Files\Microchip\xc8\v2.32\pic\sources\c99\common\strncmp.c
		_strncmp       		CODE           	2F40	0000	214

C:\Program Files\Microchip\xc8\v2.32\pic\sources\c99\common\strncmp.c estimated size: 214

C:\Program Files\Microchip\xc8\v2.32\pic\sources\c99\common\tolower.c
		_tolower       		CODE           	3542	0000	96

C:\Program Files\Microchip\xc8\v2.32\pic\sources\c99\common\tolower.c estimated size: 96

shared
		i2___fladd     		CODE           	1942	0000	1216
		__initialization		CODE           	3656	0000	68

shared estimated size: 1284

C:\Program Files\Microchip\xc8\v2.32\pic\sources\c99\common\sprcmul.c
		___flmul       		CODE           	1E02	0000	1066

C:\Program Files\Microchip\xc8\v2.32\pic\sources\c99\common\sprcmul.c estimated size: 1066

C:\Program Files\Microchip\xc8\v2.32\pic\sources\c99\common\awmod.c
		___awmod       		CODE           	3320	0000	176

C:\Program Files\Microchip\xc8\v2.32\pic\sources\c99\common\awmod.c estimated size: 176

C:\Program Files\Microchip\xc8\v2.32\pic\sources\c99\common\sprcdiv.c
		___fldiv       		CODE           	222C	0000	922

C:\Program Files\Microchip\xc8\v2.32\pic\sources\c99\common\sprcdiv.c estimated size: 922

C:\Program Files\Microchip\xc8\v2.32\pic\sources\c99\common\fltol.c
		___fltol       		CODE           	2C38	0000	262

C:\Program Files\Microchip\xc8\v2.32\pic\sources\c99\common\fltol.c estimated size: 262

LCD_lib.c
		_LCD_Init      		CODE           	3266	0000	186
		_LCD_Cadena    		CODE           	347A	0000	102
		_LCD_Comando   		CODE           	374C	0000	80
		_LCD_XY        		CODE           	38CC	0000	48
		_LCD_Data      		CODE           	35FE	0000	88

LCD_lib.c estimated size: 504

C:\Program Files\Microchip\xc8\v2.32\pic\sources\c99\common\nf_fputc.c
		_fputc         		CODE           	3016	0000	202

C:\Program Files\Microchip\xc8\v2.32\pic\sources\c99\common\nf_fputc.c estimated size: 202

main.c
		_timer0        		CODE           	0008	0000	88
		_main          		CODE           	2B24	0000	276
		_confT0        		CODE           	38FC	0000	24

main.c estimated size: 388

C:\Program Files\Microchip\xc8\v2.32\pic\sources\c99\common\strlen.c
		_strlen        		CODE           	3896	0000	54

C:\Program Files\Microchip\xc8\v2.32\pic\sources\c99\common\strlen.c estimated size: 54

C:\Program Files\Microchip\xc8\v2.32\pic\sources\c99\common\flge.c
		___flge        		CODE           	2D3E	0000	260

C:\Program Files\Microchip\xc8\v2.32\pic\sources\c99\common\flge.c estimated size: 260

C:\Program Files\Microchip\xc8\v2.32\pic\sources\c99\common\floorf.c
		_floorf        		CODE           	2912	0000	530

C:\Program Files\Microchip\xc8\v2.32\pic\sources\c99\common\floorf.c estimated size: 530

C:\Program Files\Microchip\xc8\v2.32\pic\sources\c99\common\strcpy.c
		_strcpy        		CODE           	35A2	0000	92

C:\Program Files\Microchip\xc8\v2.32\pic\sources\c99\common\strcpy.c estimated size: 92

